======================================================================
  PetCare (Pawber) API ΓÇö Render Deployment Test
  Base URL: https://pawber.onrender.com
  Timestamp: 2026-03-29T13:44:45.612Z
======================================================================
Γ£à [GET] /health                             => 200 (PASS) ΓÇö Root health check
Γ£à [GET] /api/health                         => 404 (PASS) ΓÇö API health check
Γ£à [POST] /api/auth/signin                    => 401 (PASS) ΓÇö Sign in
Γ£à [POST] /api/auth/refresh                   => 200 (PASS) ΓÇö Refresh token (invalid)
Γ£à [GET] /api/auth/me                        => 401 (PASS) ΓÇö Get profile (no auth, expect 401)
Γ¥î [GET] /api/services                       => 500 (FAIL) ΓÇö List services
   Response: {"error":""}
Γ¥î [GET] /api/services/categories            => 500 (FAIL) ΓÇö List categories
   Response: {"error":""}
Γ¥î [GET] /api/events                         => 500 (FAIL) ΓÇö List events
   Response: {"error":""}
Γ¥î [GET] /api/providers                      => 500 (FAIL) ΓÇö List providers
   Response: {"error":""}
Γ£à [GET] /api/bookings                       => 401 (PASS) ΓÇö List bookings (no auth, expect 401)
Γ£à [GET] /api/pets                           => 401 (PASS) ΓÇö List pets (no auth, expect 401)
Γ£à [GET] /api/wallet                         => 401 (PASS) ΓÇö Get wallet (no auth, expect 401)
Γ£à [GET] /api/wallet/transactions            => 401 (PASS) ΓÇö Wallet transactions (no auth, expect 401)
Γ£à [GET] /api/notifications                  => 401 (PASS) ΓÇö Notifications (no auth, expect 401)
Γ£à [GET] /api/payments                       => 401 (PASS) ΓÇö Payments (no auth, expect 401)
Γ£à [GET] /api/admin/dashboard                => 401 (PASS) ΓÇö Admin dashboard (no auth, expect 401)
Γ£à [GET] /api/admin/users                    => 401 (PASS) ΓÇö Admin users (no auth, expect 401)
Γ£à [GET] /api/admin/providers                => 401 (PASS) ΓÇö Admin providers (no auth, expect 401)
Γ£à [GET] /api/admin/bookings                 => 401 (PASS) ΓÇö Admin bookings (no auth, expect 401)
Γ£à [GET] /api/admin/coupons                  => 401 (PASS) ΓÇö Admin coupons (no auth, expect 401)
Γ£à [POST] /api/webhooks/razorpay              => 200 (PASS) ΓÇö Razorpay webhook
Γ£à [POST] /api/webhooks/qr-scan               => 200 (PASS) ΓÇö QR scan webhook
Γ£à [GET] /api/debug/supabase                 => 404 (PASS) ΓÇö Debug supabase
Γ£à [GET] /api/nonexistent                    => 404 (PASS) ΓÇö 404 test (expect 404)

======================================================================
  SUMMARY
======================================================================
Total: 24 | Pass: 20 | Fail: 4

Γ¥î FAILED ENDPOINTS:
  [GET] /api/services => 500 ΓÇö List services
  Response: {"error":""}
  [GET] /api/services/categories => 500 ΓÇö List categories
  Response: {"error":""}
  [GET] /api/events => 500 ΓÇö List events
  Response: {"error":""}
  [GET] /api/providers => 500 ΓÇö List providers
  Response: {"error":""}

======================================================================
  DETAILED RESPONSES
======================================================================

[GET] /health => 200
Response: {"status":"ok","service":"PetCare API","version":"1.0.0","timestamp":"2026-03-29T13:44:47.404Z"}

[GET] /api/health => 404
Response: {"error":"Route not found"}

[POST] /api/auth/signin => 401
Response: {"error":"Invalid email or password"}

[POST] /api/auth/refresh => 200
Response: {"session":{"access_token":"new-local-token","refresh_token":"local-refresh-token","expires_at":1774795488}}

[GET] /api/auth/me => 401
Response: {"error":"Missing or invalid authorization header"}

[GET] /api/services => 500
Response: {"error":""}

[GET] /api/services/categories => 500
Response: {"error":""}

[GET] /api/events => 500
Response: {"error":""}

[GET] /api/providers => 500
Response: {"error":""}

[GET] /api/bookings => 401
Response: {"error":"Missing or invalid authorization header"}

[GET] /api/pets => 401
Response: {"error":"Missing or invalid authorization header"}

[GET] /api/wallet => 401
Response: {"error":"Missing or invalid authorization header"}

[GET] /api/wallet/transactions => 401
Response: {"error":"Missing or invalid authorization header"}

[GET] /api/notifications => 401
Response: {"error":"Missing or invalid authorization header"}

[GET] /api/payments => 401
Response: {"error":"Missing or invalid authorization header"}

[GET] /api/admin/dashboard => 401
Response: {"error":"Missing or invalid authorization header"}

[GET] /api/admin/users => 401
Response: {"error":"Missing or invalid authorization header"}

[GET] /api/admin/providers => 401
Response: {"error":"Missing or invalid authorization header"}

[GET] /api/admin/bookings => 401
Response: {"error":"Missing or invalid authorization header"}

[GET] /api/admin/coupons => 401
Response: {"error":"Missing or invalid authorization header"}

[POST] /api/webhooks/razorpay => 200
Response: {"status":"ok"}

[POST] /api/webhooks/qr-scan => 200
Response: {"valid":false,"message":"Invalid or already used ticket"}

[GET] /api/debug/supabase => 404
Response: {"error":"Route not found"}

[GET] /api/nonexistent => 404
Response: {"error":"Route not found"}
